// Jest Snapshot v1, https://goo.gl/fbAQLP

exports[`Company snapshot test opens the edit company form 1`] = `
<div
  className="saved-event"
>
  <form
    className="edit-company-form"
    onSubmit={[Function]}
  >
    <div>
      <div
        className="error-message"
        role="alert"
      />
      <Label
        htmlFor="name"
      >
        Company Name
      </Label>
      <ForwardRef
        id="name"
        name="name"
        onChange={[Function]}
        placeholder="name"
        required={true}
        type="text"
        value="name"
      />
    </div>
    <div>
      <Label
        htmlFor="industry"
      >
        Industry
      </Label>
      <br />
      <ForwardRef
        id="industry"
        name="industry"
        onChange={[Function]}
        placeholder="industry"
        type="text"
        value="industry"
      />
    </div>
    <div>
      <Label
        htmlFor="city"
      >
        City
      </Label>
      <br />
      <ForwardRef
        id="city"
        name="city"
        onChange={[Function]}
        placeholder="city"
        required={true}
        type="text"
        value="city"
      />
    </div>
    <div>
      <Label
        htmlFor="state"
      >
        State
      </Label>
      <br />
      <select
        id="state-input"
        name="state"
        onChange={[Function]}
        value="IL"
      >
        <option
          key="AZ"
          value="AZ"
        >
          Arizona
        </option>
        <option
          key="AL"
          value="AL"
        >
          Alabama
        </option>
        <option
          key="AK"
          value="AK"
        >
          Alaska
        </option>
        <option
          key="AR"
          value="AR"
        >
          Arkansas
        </option>
        <option
          key="CA"
          value="CA"
        >
          California
        </option>
        <option
          key="CO"
          value="CO"
        >
          Colorado
        </option>
        <option
          key="CT"
          value="CT"
        >
          Connecticut
        </option>
        <option
          key="DE"
          value="DE"
        >
          Delaware
        </option>
        <option
          key="FL"
          value="FL"
        >
          Florida
        </option>
        <option
          key="GA"
          value="GA"
        >
          Georgia
        </option>
        <option
          key="HI"
          value="HI"
        >
          Hawaii
        </option>
        <option
          key="ID"
          value="ID"
        >
          Idaho
        </option>
        <option
          key="IL"
          value="IL"
        >
          Illinois
        </option>
        <option
          key="IN"
          value="IN"
        >
          Indiana
        </option>
        <option
          key="IA"
          value="IA"
        >
          Iowa
        </option>
        <option
          key="KS"
          value="KS"
        >
          Kansas
        </option>
        <option
          key="KY"
          value="KY"
        >
          Kentucky
        </option>
        <option
          key="LA"
          value="LA"
        >
          Louisiana
        </option>
        <option
          key="ME"
          value="ME"
        >
          Maine
        </option>
        <option
          key="MD"
          value="MD"
        >
          Maryland
        </option>
        <option
          key="MA"
          value="MA"
        >
          Massachusetts
        </option>
        <option
          key="MI"
          value="MI"
        >
          Michigan
        </option>
        <option
          key="MN"
          value="MN"
        >
          Minnesota
        </option>
        <option
          key="MS"
          value="MS"
        >
          Mississippi
        </option>
        <option
          key="MO"
          value="MO"
        >
          Missouri
        </option>
        <option
          key="MT"
          value="MT"
        >
          Montana
        </option>
        <option
          key="NE"
          value="NE"
        >
          Nebraska
        </option>
        <option
          key="NV"
          value="NV"
        >
          Nevada
        </option>
        <option
          key="NH"
          value="NH"
        >
          New Hampshire
        </option>
        <option
          key="NJ"
          value="NJ"
        >
          New Jersey
        </option>
        <option
          key="NM"
          value="NM"
        >
          New Mexico
        </option>
        <option
          key="NY"
          value="NY"
        >
          New York
        </option>
        <option
          key="NC"
          value="NC"
        >
          North Carolina
        </option>
        <option
          key="ND"
          value="ND"
        >
          North Dakota
        </option>
        <option
          key="OH"
          value="OH"
        >
          Ohio
        </option>
        <option
          key="OK"
          value="OK"
        >
          Oklahoma
        </option>
        <option
          key="OR"
          value="OR"
        >
          Oregon
        </option>
        <option
          key="PA"
          value="PA"
        >
          Pennsylvania
        </option>
        <option
          key="RI"
          value="RI"
        >
          Rhode Island
        </option>
        <option
          key="SC"
          value="SC"
        >
          South Carolina
        </option>
        <option
          key="SD"
          value="SD"
        >
          South Dakota
        </option>
        <option
          key="TN"
          value="TN"
        >
          Tennessee
        </option>
        <option
          key="TX"
          value="TX"
        >
          Texas
        </option>
        <option
          key="UT"
          value="UT"
        >
          Utah
        </option>
        <option
          key="VT"
          value="VT"
        >
          Vermont
        </option>
        <option
          key="VA"
          value="VA"
        >
          Virginia
        </option>
        <option
          key="WA"
          value="WA"
        >
          Washington
        </option>
        <option
          key="WV"
          value="WV"
        >
          West Virginia
        </option>
        <option
          key="WI"
          value="WI"
        >
          Wisconsin
        </option>
        <option
          key="WY"
          value="WY"
        >
          Wyoming
        </option>
      </select>
    </div>
    <div>
      <Label
        htmlFor="website"
      >
        Website
      </Label>
      <br />
      <ForwardRef
        id="website"
        name="website"
        onChange={[Function]}
        placeholder="http://www.site.com"
        type="text"
        value="http://www.site.com"
      />
    </div>
    <div>
      <Label
        htmlFor="description"
      >
        Description
      </Label>
      <br />
      <textarea
        id="description"
        name="description"
        onChange={[Function]}
        placeholder="desc"
        rows="3"
        value="desc"
      />
    </div>
    <div>
      <Label
        htmlFor="contact"
      >
        Contact(s)
      </Label>
      <br />
      <ForwardRef
        id="contact"
        name="contact"
        onChange={[Function]}
        placeholder="contact"
        type="text"
        value="contact"
      />
    </div>
    <div
      className="company-card-controls"
    >
      <ForwardRef
        type="submit"
      >
        Save Changes
      </ForwardRef>
       
      <ForwardRef
        onClick={[Function]}
        type="button"
      >
        Back
      </ForwardRef>
    </div>
  </form>
</div>
`;

exports[`Company snapshot test renders the UI as expected 1`] = `
<div
  className="saved-event"
>
  <div
    className="company-box"
  >
    <h3>
      name
    </h3>
    <h4>
      Added on 
      2019-09-05
    </h4>
    <p>
      Industry: 
      industry
    </p>
    <p>
      city
      , 
      IL
    </p>
    <p>
      <a
        href="http://www.site.com"
      >
        http://www.site.com
      </a>
    </p>
    <p>
      desc
    </p>
    <p>
      Contact(s): 
      contact
    </p>
    <ForwardRef
      onClick={[Function]}
      type="button"
    >
      Delete
    </ForwardRef>
    <ForwardRef
      className="edit-button"
      onClick={[Function]}
      type="button"
    >
      Edit
    </ForwardRef>
  </div>
</div>
`;
