// Jest Snapshot v1, https://goo.gl/fbAQLP

exports[`JobNotification snapshot test renders the UI as expected 1`] = `
<div
  className="job-notification"
>
  <p
    className="notification"
    key="2"
  >
    You applied to 
    Company B
     
    20
     days ago.  Have you heard back?
    <button
      className="notification-button"
      onClick={[Function]}
    >
      Clear
    </button>
  </p>
</div>
`;
